waiting queue not impemented
pause button not implemented